Rosalind_9598
50.663717
